Starting memory test...
Hai #0000 :3
Hai #0128 :3
Hai #0256 :3
Hai #0384 :3
Hai #0512 :3
Hai #0640 :3
Hai #0768 :3
Hai #0896 :3
Hai #0013 :3
Hai #1023 :3
